[2026-05-21T21:46:10.752+0000][gc,heap] Heap region size: 1M
[2026-05-21T21:46:10.767+0000][gc     ] Using G1
[2026-05-21T21:46:10.768+0000][gc,heap,coops] Heap address: 0x00000000c0000000, size: 1024 MB, Compressed Oops mode: 32-bit
[2026-05-21T21:46:12.370+0000][gc,start     ] GC(0) Pause Young (Concurrent Start) (Metadata GC Threshold)
[2026-05-21T21:46:12.373+0000][gc,task      ] GC(0) Using 8 workers of 8 for evacuation
[2026-05-21T21:46:12.395+0000][gc,mmu       ] GC(0) MMU target violated: 21.0ms (20.0ms/21.0ms)
[2026-05-21T21:46:12.396+0000][gc,phases    ] GC(0)   Pre Evacuate Collection Set: 0.1ms
[2026-05-21T21:46:12.396+0000][gc,phases    ] GC(0)   Evacuate Collection Set: 20.2ms
[2026-05-21T21:46:12.396+0000][gc,phases    ] GC(0)   Post Evacuate Collection Set: 1.0ms
[2026-05-21T21:46:12.397+0000][gc,phases    ] GC(0)   Other: 4.1ms
[2026-05-21T21:46:12.397+0000][gc,heap      ] GC(0) Eden regions: 39->0(44)
[2026-05-21T21:46:12.397+0000][gc,heap      ] GC(0) Survivor regions: 0->7(7)
[2026-05-21T21:46:12.397+0000][gc,heap      ] GC(0) Old regions: 0->1
[2026-05-21T21:46:12.398+0000][gc,heap      ] GC(0) Humongous regions: 0->0
[2026-05-21T21:46:12.398+0000][gc,metaspace ] GC(0) Metaspace: 20654K(21248K)->20654K(21248K) NonClass: 18490K(18944K)->18490K(18944K) Class: 2164K(2304K)->2164K(2304K)
[2026-05-21T21:46:12.398+0000][gc           ] GC(0) Pause Young (Concurrent Start) (Metadata GC Threshold) 39M->7M(1024M) 28.035ms
[2026-05-21T21:46:12.399+0000][gc,cpu       ] GC(0) User=0.08s Sys=0.00s Real=0.03s
[2026-05-21T21:46:12.399+0000][gc           ] GC(1) Concurrent Cycle
[2026-05-21T21:46:12.400+0000][gc,marking   ] GC(1) Concurrent Clear Claimed Marks
[2026-05-21T21:46:12.400+0000][gc,marking   ] GC(1) Concurrent Clear Claimed Marks 0.540ms
[2026-05-21T21:46:12.400+0000][gc,marking   ] GC(1) Concurrent Scan Root Regions
[2026-05-21T21:46:12.403+0000][gc,marking   ] GC(1) Concurrent Scan Root Regions 2.865ms
[2026-05-21T21:46:12.404+0000][gc,marking   ] GC(1) Concurrent Mark (1.723s)
[2026-05-21T21:46:12.404+0000][gc,marking   ] GC(1) Concurrent Mark From Roots
[2026-05-21T21:46:12.405+0000][gc,task      ] GC(1) Using 2 workers of 2 for marking
[2026-05-21T21:46:12.406+0000][gc,marking   ] GC(1) Concurrent Mark From Roots 1.430ms
[2026-05-21T21:46:12.406+0000][gc,marking   ] GC(1) Concurrent Preclean
[2026-05-21T21:46:12.407+0000][gc,marking   ] GC(1) Concurrent Preclean 0.466ms
[2026-05-21T21:46:12.407+0000][gc,marking   ] GC(1) Concurrent Mark (1.723s, 1.726s) 3.495ms
[2026-05-21T21:46:12.408+0000][gc,start     ] GC(1) Pause Remark
[2026-05-21T21:46:12.420+0000][gc,stringtable] GC(1) Cleaned string and symbol table, strings: 7762 processed, 0 removed, symbols: 65491 processed, 21 removed
[2026-05-21T21:46:12.421+0000][gc            ] GC(1) Pause Remark 7M->7M(1024M) 12.675ms
[2026-05-21T21:46:12.421+0000][gc,cpu        ] GC(1) User=0.06s Sys=0.00s Real=0.01s
[2026-05-21T21:46:12.422+0000][gc,marking    ] GC(1) Concurrent Rebuild Remembered Sets
[2026-05-21T21:46:12.423+0000][gc,marking    ] GC(1) Concurrent Rebuild Remembered Sets 0.771ms
[2026-05-21T21:46:12.424+0000][gc,start      ] GC(1) Pause Cleanup
[2026-05-21T21:46:12.425+0000][gc            ] GC(1) Pause Cleanup 7M->7M(1024M) 0.899ms
[2026-05-21T21:46:12.425+0000][gc,cpu        ] GC(1) User=0.00s Sys=0.00s Real=0.00s
[2026-05-21T21:46:12.425+0000][gc,marking    ] GC(1) Concurrent Cleanup for Next Mark
[2026-05-21T21:46:12.430+0000][gc,marking    ] GC(1) Concurrent Cleanup for Next Mark 4.438ms
[2026-05-21T21:46:12.431+0000][gc            ] GC(1) Concurrent Cycle 31.423ms
[2026-05-21T21:46:13.651+0000][gc,start      ] GC(2) Pause Young (Normal) (G1 Evacuation Pause)
[2026-05-21T21:46:13.651+0000][gc,task       ] GC(2) Using 8 workers of 8 for evacuation
[2026-05-21T21:46:13.674+0000][gc,mmu        ] GC(2) MMU target violated: 21.0ms (20.0ms/21.0ms)
[2026-05-21T21:46:13.677+0000][gc,phases     ] GC(2)   Pre Evacuate Collection Set: 0.1ms
[2026-05-21T21:46:13.678+0000][gc,phases     ] GC(2)   Evacuate Collection Set: 20.2ms
[2026-05-21T21:46:13.679+0000][gc,phases     ] GC(2)   Post Evacuate Collection Set: 1.5ms
[2026-05-21T21:46:13.680+0000][gc,phases     ] GC(2)   Other: 4.9ms
[2026-05-21T21:46:13.680+0000][gc,heap       ] GC(2) Eden regions: 44->0(48)
[2026-05-21T21:46:13.681+0000][gc,heap       ] GC(2) Survivor regions: 7->3(7)
[2026-05-21T21:46:13.682+0000][gc,heap       ] GC(2) Old regions: 1->8
[2026-05-21T21:46:13.682+0000][gc,heap       ] GC(2) Humongous regions: 0->0
[2026-05-21T21:46:13.682+0000][gc,metaspace  ] GC(2) Metaspace: 29540K(30332K)->29540K(30332K) NonClass: 26387K(26880K)->26387K(26880K) Class: 3152K(3452K)->3152K(3452K)
[2026-05-21T21:46:13.683+0000][gc            ] GC(2) Pause Young (Normal) (G1 Evacuation Pause) 51M->10M(1024M) 32.270ms
[2026-05-21T21:46:13.683+0000][gc,cpu        ] GC(2) User=0.09s Sys=0.03s Real=0.04s
[2026-05-21T21:46:14.702+0000][gc,start      ] GC(3) Pause Young (Concurrent Start) (Metadata GC Threshold)
[2026-05-21T21:46:14.703+0000][gc,task       ] GC(3) Using 8 workers of 8 for evacuation
[2026-05-21T21:46:14.711+0000][gc,phases     ] GC(3)   Pre Evacuate Collection Set: 0.1ms
[2026-05-21T21:46:14.711+0000][gc,phases     ] GC(3)   Evacuate Collection Set: 6.1ms
[2026-05-21T21:46:14.711+0000][gc,phases     ] GC(3)   Post Evacuate Collection Set: 0.9ms
[2026-05-21T21:46:14.711+0000][gc,phases     ] GC(3)   Other: 1.1ms
[2026-05-21T21:46:14.712+0000][gc,heap       ] GC(3) Eden regions: 46->0(47)
[2026-05-21T21:46:14.712+0000][gc,heap       ] GC(3) Survivor regions: 3->4(7)
[2026-05-21T21:46:14.713+0000][gc,heap       ] GC(3) Old regions: 8->8
[2026-05-21T21:46:14.713+0000][gc,heap       ] GC(3) Humongous regions: 0->0
[2026-05-21T21:46:14.713+0000][gc,metaspace  ] GC(3) Metaspace: 34864K(35964K)->34864K(35964K) NonClass: 31124K(31744K)->31124K(31744K) Class: 3739K(4220K)->3739K(4220K)
[2026-05-21T21:46:14.714+0000][gc            ] GC(3) Pause Young (Concurrent Start) (Metadata GC Threshold) 55M->10M(1024M) 11.828ms
[2026-05-21T21:46:14.716+0000][gc,cpu        ] GC(3) User=0.02s Sys=0.00s Real=0.02s
[2026-05-21T21:46:14.716+0000][gc            ] GC(4) Concurrent Cycle
[2026-05-21T21:46:14.717+0000][gc,marking    ] GC(4) Concurrent Clear Claimed Marks
[2026-05-21T21:46:14.717+0000][gc,marking    ] GC(4) Concurrent Clear Claimed Marks 0.492ms
[2026-05-21T21:46:14.718+0000][gc,marking    ] GC(4) Concurrent Scan Root Regions
[2026-05-21T21:46:14.721+0000][gc,marking    ] GC(4) Concurrent Scan Root Regions 2.609ms
[2026-05-21T21:46:14.721+0000][gc,marking    ] GC(4) Concurrent Mark (4.040s)
[2026-05-21T21:46:14.721+0000][gc,marking    ] GC(4) Concurrent Mark From Roots
[2026-05-21T21:46:14.721+0000][gc,task       ] GC(4) Using 2 workers of 2 for marking
[2026-05-21T21:46:14.726+0000][gc,marking    ] GC(4) Concurrent Mark From Roots 4.493ms
[2026-05-21T21:46:14.726+0000][gc,marking    ] GC(4) Concurrent Preclean
[2026-05-21T21:46:14.727+0000][gc,marking    ] GC(4) Concurrent Preclean 0.453ms
[2026-05-21T21:46:14.727+0000][gc,marking    ] GC(4) Concurrent Mark (4.040s, 4.046s) 5.987ms
[2026-05-21T21:46:14.727+0000][gc,start      ] GC(4) Pause Remark
[2026-05-21T21:46:14.731+0000][gc,stringtable] GC(4) Cleaned string and symbol table, strings: 12040 processed, 9 removed, symbols: 98204 processed, 28 removed
[2026-05-21T21:46:14.732+0000][gc            ] GC(4) Pause Remark 12M->12M(1024M) 4.281ms
[2026-05-21T21:46:14.732+0000][gc,cpu        ] GC(4) User=0.02s Sys=0.00s Real=0.00s
[2026-05-21T21:46:14.732+0000][gc,marking    ] GC(4) Concurrent Rebuild Remembered Sets
[2026-05-21T21:46:14.735+0000][gc,marking    ] GC(4) Concurrent Rebuild Remembered Sets 2.867ms
[2026-05-21T21:46:14.736+0000][gc,start      ] GC(4) Pause Cleanup
[2026-05-21T21:46:14.737+0000][gc            ] GC(4) Pause Cleanup 12M->12M(1024M) 0.660ms
[2026-05-21T21:46:14.737+0000][gc,cpu        ] GC(4) User=0.00s Sys=0.00s Real=0.00s
[2026-05-21T21:46:14.737+0000][gc,marking    ] GC(4) Concurrent Cleanup for Next Mark
[2026-05-21T21:46:14.747+0000][gc,marking    ] GC(4) Concurrent Cleanup for Next Mark 9.924ms
[2026-05-21T21:46:14.748+0000][gc            ] GC(4) Concurrent Cycle 31.171ms
[2026-05-21T21:46:15.383+0000][gc,start      ] GC(5) Pause Young (Normal) (G1 Evacuation Pause)
[2026-05-21T21:46:15.384+0000][gc,task       ] GC(5) Using 8 workers of 8 for evacuation
[2026-05-21T21:46:15.392+0000][gc,phases     ] GC(5)   Pre Evacuate Collection Set: 0.1ms
[2026-05-21T21:46:15.393+0000][gc,phases     ] GC(5)   Evacuate Collection Set: 7.1ms
[2026-05-21T21:46:15.393+0000][gc,phases     ] GC(5)   Post Evacuate Collection Set: 1.0ms
[2026-05-21T21:46:15.394+0000][gc,phases     ] GC(5)   Other: 0.8ms
[2026-05-21T21:46:15.394+0000][gc,heap       ] GC(5) Eden regions: 47->0(46)
[2026-05-21T21:46:15.395+0000][gc,heap       ] GC(5) Survivor regions: 4->5(7)
[2026-05-21T21:46:15.395+0000][gc,heap       ] GC(5) Old regions: 8->8
[2026-05-21T21:46:15.395+0000][gc,heap       ] GC(5) Humongous regions: 11->9
[2026-05-21T21:46:15.395+0000][gc,metaspace  ] GC(5) Metaspace: 40315K(41596K)->40315K(41596K) NonClass: 35949K(36608K)->35949K(36608K) Class: 4365K(4988K)->4365K(4988K)
[2026-05-21T21:46:15.395+0000][gc            ] GC(5) Pause Young (Normal) (G1 Evacuation Pause) 68M->20M(1024M) 11.868ms
[2026-05-21T21:46:15.396+0000][gc,cpu        ] GC(5) User=0.05s Sys=0.00s Real=0.01s
[2026-05-21T21:46:18.091+0000][gc,start      ] GC(6) Pause Young (Normal) (G1 Evacuation Pause)
[2026-05-21T21:46:18.091+0000][gc,task       ] GC(6) Using 8 workers of 8 for evacuation
[2026-05-21T21:46:18.128+0000][gc,mmu        ] GC(6) MMU target violated: 21.0ms (20.0ms/21.0ms)
[2026-05-21T21:46:18.129+0000][gc,phases     ] GC(6)   Pre Evacuate Collection Set: 0.6ms
[2026-05-21T21:46:18.131+0000][gc,phases     ] GC(6)   Evacuate Collection Set: 34.8ms
[2026-05-21T21:46:18.131+0000][gc,phases     ] GC(6)   Post Evacuate Collection Set: 1.3ms
[2026-05-21T21:46:18.132+0000][gc,phases     ] GC(6)   Other: 1.6ms
[2026-05-21T21:46:18.132+0000][gc,heap       ] GC(6) Eden regions: 46->0(44)
[2026-05-21T21:46:18.133+0000][gc,heap       ] GC(6) Survivor regions: 5->7(7)
[2026-05-21T21:46:18.133+0000][gc,heap       ] GC(6) Old regions: 8->10
[2026-05-21T21:46:18.134+0000][gc,heap       ] GC(6) Humongous regions: 138->138
[2026-05-21T21:46:18.134+0000][gc,metaspace  ] GC(6) Metaspace: 46356K(47996K)->46356K(47996K) NonClass: 41349K(42240K)->41349K(42240K) Class: 5006K(5756K)->5006K(5756K)
[2026-05-21T21:46:18.135+0000][gc            ] GC(6) Pause Young (Normal) (G1 Evacuation Pause) 195M->153M(1024M) 43.938ms
[2026-05-21T21:46:18.135+0000][gc,cpu        ] GC(6) User=0.14s Sys=0.01s Real=0.05s
[2026-05-21T21:47:05.749+0000][gc,start      ] GC(7) Pause Young (Normal) (G1 Evacuation Pause)
[2026-05-21T21:47:05.750+0000][gc,task       ] GC(7) Using 8 workers of 8 for evacuation
[2026-05-21T21:47:05.763+0000][gc,phases     ] GC(7)   Pre Evacuate Collection Set: 3.3ms
[2026-05-21T21:47:05.763+0000][gc,phases     ] GC(7)   Evacuate Collection Set: 7.5ms
[2026-05-21T21:47:05.763+0000][gc,phases     ] GC(7)   Post Evacuate Collection Set: 1.6ms
[2026-05-21T21:47:05.763+0000][gc,phases     ] GC(7)   Other: 1.4ms
[2026-05-21T21:47:05.763+0000][gc,heap       ] GC(7) Eden regions: 44->0(47)
[2026-05-21T21:47:05.764+0000][gc,heap       ] GC(7) Survivor regions: 7->4(7)
[2026-05-21T21:47:05.764+0000][gc,heap       ] GC(7) Old regions: 10->16
[2026-05-21T21:47:05.764+0000][gc,heap       ] GC(7) Humongous regions: 156->138
[2026-05-21T21:47:05.764+0000][gc,metaspace  ] GC(7) Metaspace: 51833K(54524K)->51833K(54524K) NonClass: 45717K(47104K)->45717K(47104K) Class: 6116K(7420K)->6116K(7420K)
[2026-05-21T21:47:05.765+0000][gc            ] GC(7) Pause Young (Normal) (G1 Evacuation Pause) 215M->157M(1024M) 15.794ms
[2026-05-21T21:47:05.765+0000][gc,cpu        ] GC(7) User=0.06s Sys=0.00s Real=0.01s
[2026-05-21T21:48:26.384+0000][gc,start      ] GC(8) Pause Young (Normal) (G1 Evacuation Pause)
[2026-05-21T21:48:26.384+0000][gc,task       ] GC(8) Using 8 workers of 8 for evacuation
[2026-05-21T21:48:26.393+0000][gc,phases     ] GC(8)   Pre Evacuate Collection Set: 1.3ms
[2026-05-21T21:48:26.393+0000][gc,phases     ] GC(8)   Evacuate Collection Set: 5.0ms
[2026-05-21T21:48:26.394+0000][gc,phases     ] GC(8)   Post Evacuate Collection Set: 1.7ms
[2026-05-21T21:48:26.394+0000][gc,phases     ] GC(8)   Other: 1.3ms
[2026-05-21T21:48:26.394+0000][gc,heap       ] GC(8) Eden regions: 47->0(47)
[2026-05-21T21:48:26.394+0000][gc,heap       ] GC(8) Survivor regions: 4->4(7)
[2026-05-21T21:48:26.394+0000][gc,heap       ] GC(8) Old regions: 16->16
[2026-05-21T21:48:26.395+0000][gc,heap       ] GC(8) Humongous regions: 138->138
[2026-05-21T21:48:26.395+0000][gc,metaspace  ] GC(8) Metaspace: 52940K(55676K)->52940K(55676K) NonClass: 46693K(48128K)->46693K(48128K) Class: 6247K(7548K)->6247K(7548K)
[2026-05-21T21:48:26.395+0000][gc            ] GC(8) Pause Young (Normal) (G1 Evacuation Pause) 204M->157M(1024M) 11.298ms
[2026-05-21T21:48:26.395+0000][gc,cpu        ] GC(8) User=0.04s Sys=0.01s Real=0.01s
[2026-05-21T21:49:57.889+0000][gc,start      ] GC(9) Pause Young (Normal) (G1 Evacuation Pause)
[2026-05-21T21:49:57.889+0000][gc,task       ] GC(9) Using 8 workers of 8 for evacuation
[2026-05-21T21:49:57.903+0000][gc,phases     ] GC(9)   Pre Evacuate Collection Set: 4.0ms
[2026-05-21T21:49:57.904+0000][gc,phases     ] GC(9)   Evacuate Collection Set: 8.2ms
[2026-05-21T21:49:57.904+0000][gc,phases     ] GC(9)   Post Evacuate Collection Set: 1.3ms
[2026-05-21T21:49:57.904+0000][gc,phases     ] GC(9)   Other: 1.3ms
[2026-05-21T21:49:57.904+0000][gc,heap       ] GC(9) Eden regions: 47->0(47)
[2026-05-21T21:49:57.905+0000][gc,heap       ] GC(9) Survivor regions: 4->4(7)
[2026-05-21T21:49:57.905+0000][gc,heap       ] GC(9) Old regions: 16->18
[2026-05-21T21:49:57.905+0000][gc,heap       ] GC(9) Humongous regions: 138->138
[2026-05-21T21:49:57.905+0000][gc,metaspace  ] GC(9) Metaspace: 53213K(55932K)->53213K(55932K) NonClass: 46964K(48384K)->46964K(48384K) Class: 6248K(7548K)->6248K(7548K)
[2026-05-21T21:49:57.905+0000][gc            ] GC(9) Pause Young (Normal) (G1 Evacuation Pause) 204M->158M(1024M) 16.832ms
[2026-05-21T21:49:57.906+0000][gc,cpu        ] GC(9) User=0.07s Sys=0.00s Real=0.01s
[2026-05-21T21:51:36.193+0000][gc,start      ] GC(10) Pause Young (Normal) (G1 Evacuation Pause)
[2026-05-21T21:51:36.194+0000][gc,task       ] GC(10) Using 8 workers of 8 for evacuation
[2026-05-21T21:51:36.203+0000][gc,phases     ] GC(10)   Pre Evacuate Collection Set: 0.1ms
[2026-05-21T21:51:36.206+0000][gc,phases     ] GC(10)   Evacuate Collection Set: 6.6ms
[2026-05-21T21:51:36.206+0000][gc,phases     ] GC(10)   Post Evacuate Collection Set: 1.8ms
[2026-05-21T21:51:36.207+0000][gc,phases     ] GC(10)   Other: 2.0ms
[2026-05-21T21:51:36.207+0000][gc,heap       ] GC(10) Eden regions: 47->0(45)
[2026-05-21T21:51:36.207+0000][gc,heap       ] GC(10) Survivor regions: 4->6(7)
[2026-05-21T21:51:36.207+0000][gc,heap       ] GC(10) Old regions: 18->18
[2026-05-21T21:51:36.208+0000][gc,heap       ] GC(10) Humongous regions: 138->138
[2026-05-21T21:51:36.208+0000][gc,metaspace  ] GC(10) Metaspace: 53468K(56444K)->53468K(56444K) NonClass: 47218K(48896K)->47218K(48896K) Class: 6249K(7548K)->6249K(7548K)
[2026-05-21T21:51:36.208+0000][gc            ] GC(10) Pause Young (Normal) (G1 Evacuation Pause) 205M->161M(1024M) 15.316ms
[2026-05-21T21:51:36.209+0000][gc,cpu        ] GC(10) User=0.05s Sys=0.00s Real=0.02s
[2026-05-21T21:53:12.364+0000][gc,start      ] GC(11) Pause Young (Normal) (G1 Evacuation Pause)
[2026-05-21T21:53:12.365+0000][gc,task       ] GC(11) Using 8 workers of 8 for evacuation
[2026-05-21T21:53:12.394+0000][gc,mmu        ] GC(11) MMU target violated: 21.0ms (20.0ms/21.0ms)
[2026-05-21T21:53:12.395+0000][gc,phases     ] GC(11)   Pre Evacuate Collection Set: 3.1ms
[2026-05-21T21:53:12.395+0000][gc,phases     ] GC(11)   Evacuate Collection Set: 23.3ms
[2026-05-21T21:53:12.396+0000][gc,phases     ] GC(11)   Post Evacuate Collection Set: 1.4ms
[2026-05-21T21:53:12.396+0000][gc,phases     ] GC(11)   Other: 2.6ms
[2026-05-21T21:53:12.397+0000][gc,heap       ] GC(11) Eden regions: 45->0(48)
[2026-05-21T21:53:12.398+0000][gc,heap       ] GC(11) Survivor regions: 6->3(7)
[2026-05-21T21:53:12.398+0000][gc,heap       ] GC(11) Old regions: 18->22
[2026-05-21T21:53:12.399+0000][gc,heap       ] GC(11) Humongous regions: 138->138
[2026-05-21T21:53:12.399+0000][gc,metaspace  ] GC(11) Metaspace: 53521K(56444K)->53521K(56444K) NonClass: 47271K(48896K)->47271K(48896K) Class: 6249K(7548K)->6249K(7548K)
[2026-05-21T21:53:12.400+0000][gc            ] GC(11) Pause Young (Normal) (G1 Evacuation Pause) 206M->162M(1024M) 35.675ms
[2026-05-21T21:53:12.400+0000][gc,cpu        ] GC(11) User=0.14s Sys=0.00s Real=0.03s
[2026-05-21T21:54:57.289+0000][gc,start      ] GC(12) Pause Young (Normal) (G1 Evacuation Pause)
[2026-05-21T21:54:57.291+0000][gc,task       ] GC(12) Using 8 workers of 8 for evacuation
[2026-05-21T21:54:57.313+0000][gc,mmu        ] GC(12) MMU target violated: 21.0ms (20.0ms/21.0ms)
[2026-05-21T21:54:57.316+0000][gc,phases     ] GC(12)   Pre Evacuate Collection Set: 2.4ms
[2026-05-21T21:54:57.316+0000][gc,phases     ] GC(12)   Evacuate Collection Set: 16.0ms
[2026-05-21T21:54:57.317+0000][gc,phases     ] GC(12)   Post Evacuate Collection Set: 2.3ms
[2026-05-21T21:54:57.319+0000][gc,phases     ] GC(12)   Other: 5.6ms
[2026-05-21T21:54:57.319+0000][gc,heap       ] GC(12) Eden regions: 48->0(44)
[2026-05-21T21:54:57.320+0000][gc,heap       ] GC(12) Survivor regions: 3->7(7)
[2026-05-21T21:54:57.321+0000][gc,heap       ] GC(12) Old regions: 22->22
[2026-05-21T21:54:57.321+0000][gc,heap       ] GC(12) Humongous regions: 138->138
[2026-05-21T21:54:57.321+0000][gc,metaspace  ] GC(12) Metaspace: 53581K(56444K)->53581K(56444K) NonClass: 47331K(48896K)->47331K(48896K) Class: 6249K(7548K)->6249K(7548K)
[2026-05-21T21:54:57.322+0000][gc            ] GC(12) Pause Young (Normal) (G1 Evacuation Pause) 210M->166M(1024M) 32.523ms
[2026-05-21T21:54:57.322+0000][gc,cpu        ] GC(12) User=0.09s Sys=0.01s Real=0.03s
[2026-05-21T21:56:32.373+0000][gc,start      ] GC(13) Pause Young (Normal) (G1 Evacuation Pause)
[2026-05-21T21:56:32.374+0000][gc,task       ] GC(13) Using 8 workers of 8 for evacuation
[2026-05-21T21:56:32.386+0000][gc,phases     ] GC(13)   Pre Evacuate Collection Set: 1.6ms
[2026-05-21T21:56:32.386+0000][gc,phases     ] GC(13)   Evacuate Collection Set: 8.8ms
[2026-05-21T21:56:32.386+0000][gc,phases     ] GC(13)   Post Evacuate Collection Set: 0.8ms
[2026-05-21T21:56:32.386+0000][gc,phases     ] GC(13)   Other: 1.3ms
[2026-05-21T21:56:32.387+0000][gc,heap       ] GC(13) Eden regions: 44->0(46)
[2026-05-21T21:56:32.387+0000][gc,heap       ] GC(13) Survivor regions: 7->5(7)
[2026-05-21T21:56:32.387+0000][gc,heap       ] GC(13) Old regions: 22->27
[2026-05-21T21:56:32.387+0000][gc,heap       ] GC(13) Humongous regions: 138->138
[2026-05-21T21:56:32.387+0000][gc,metaspace  ] GC(13) Metaspace: 53698K(56444K)->53698K(56444K) NonClass: 47423K(48896K)->47423K(48896K) Class: 6275K(7548K)->6275K(7548K)
[2026-05-21T21:56:32.387+0000][gc            ] GC(13) Pause Young (Normal) (G1 Evacuation Pause) 210M->169M(1024M) 14.274ms
[2026-05-21T21:56:32.388+0000][gc,cpu        ] GC(13) User=0.07s Sys=0.00s Real=0.02s
[2026-05-21T21:57:21.295+0000][gc,heap,exit  ] Heap
[2026-05-21T21:57:21.296+0000][gc,heap,exit  ]  garbage-first heap   total 1048576K, used 206277K [0x00000000c0000000, 0x0000000100000000)
[2026-05-21T21:57:21.296+0000][gc,heap,exit  ]   region size 1024K, 39 young (39936K), 5 survivors (5120K)
[2026-05-21T21:57:21.296+0000][gc,heap,exit  ]  Metaspace       used 54616K, capacity 57611K, committed 57852K, reserved 1099776K
[2026-05-21T21:57:21.297+0000][gc,heap,exit  ]   class space    used 6522K, capacity 7917K, committed 7932K, reserved 1048576K
